(TranslationUnit
    (SymbolTable
        1
        {
            testfortran:
                (Program
                    (SymbolTable
                        2
                        {
                            
                        })
                    testfortran
                    []
                    [(Print
                        [(StringFormat
                            ()
                            [(StringConstant
                                "Hello"
                                (Character 1 5 ())
                            )]
                            FormatFortran
                            (Character -1 0 ())
                            ()
                        )]
                        ()
                        ()
                    )]
                )
        })
    []
)
