(TranslationUnit
    (SymbolTable
        1
        {
            case_02:
                (Program
                    (SymbolTable
                        2
                        {
                            marks:
                                (Variable
                                    2
                                    marks
                                    []
                                    Local
                                    ()
                                    ()
                                    Default
                                    (Integer 4)
                                    ()
                                    Source
                                    Public
                                    Required
                                    .false.
                                ),
                            out:
                                (Variable
                                    2
                                    out
                                    []
                                    Local
                                    ()
                                    ()
                                    Default
                                    (Integer 4)
                                    ()
                                    Source
                                    Public
                                    Required
                                    .false.
                                )
                        })
                    case_02
                    []
                    [(Assignment
                        (Var 2 marks)
                        (IntegerConstant 81 (Integer 4) Decimal)
                        ()
                    )
                    (Select
                        (Var 2 marks)
                        [(CaseStmt_Range
                            (IntegerConstant 91 (Integer 4) Decimal)
                            (IntegerConstant 100 (Integer 4) Decimal)
                            [(Assignment
                                (Var 2 out)
                                (IntegerConstant 0 (Integer 4) Decimal)
                                ()
                            )
                            (Print
                                [(StringFormat
                                    ()
                                    [(StringConstant
                                        "Excellent!"
                                        (Character 1 10 ())
                                    )]
                                    FormatFortran
                                    (Character -1 0 ())
                                    ()
                                )]
                                ()
                                ()
                            )]
                        )
                        (CaseStmt_Range
                            (IntegerConstant 81 (Integer 4) Decimal)
                            (IntegerConstant 90 (Integer 4) Decimal)
                            [(Assignment
                                (Var 2 out)
                                (IntegerConstant 1 (Integer 4) Decimal)
                                ()
                            )
                            (Print
                                [(StringFormat
                                    ()
                                    [(StringConstant
                                        "Very good!"
                                        (Character 1 10 ())
                                    )]
                                    FormatFortran
                                    (Character -1 0 ())
                                    ()
                                )]
                                ()
                                ()
                            )]
                        )
                        (CaseStmt_Range
                            (IntegerConstant 71 (Integer 4) Decimal)
                            (IntegerConstant 80 (Integer 4) Decimal)
                            [(Assignment
                                (Var 2 out)
                                (IntegerConstant 2 (Integer 4) Decimal)
                                ()
                            )
                            (Print
                                [(StringFormat
                                    ()
                                    [(StringConstant
                                        "Well done!"
                                        (Character 1 10 ())
                                    )]
                                    FormatFortran
                                    (Character -1 0 ())
                                    ()
                                )]
                                ()
                                ()
                            )]
                        )
                        (CaseStmt_Range
                            (IntegerConstant 61 (Integer 4) Decimal)
                            (IntegerConstant 70 (Integer 4) Decimal)
                            [(Assignment
                                (Var 2 out)
                                (IntegerConstant 3 (Integer 4) Decimal)
                                ()
                            )
                            (Print
                                [(StringFormat
                                    ()
                                    [(StringConstant
                                        "Not bad!"
                                        (Character 1 8 ())
                                    )]
                                    FormatFortran
                                    (Character -1 0 ())
                                    ()
                                )]
                                ()
                                ()
                            )]
                        )
                        (CaseStmt_Range
                            (IntegerConstant 41 (Integer 4) Decimal)
                            (IntegerConstant 60 (Integer 4) Decimal)
                            [(Assignment
                                (Var 2 out)
                                (IntegerConstant 4 (Integer 4) Decimal)
                                ()
                            )
                            (Print
                                [(StringFormat
                                    ()
                                    [(StringConstant
                                        "You passed!"
                                        (Character 1 11 ())
                                    )]
                                    FormatFortran
                                    (Character -1 0 ())
                                    ()
                                )]
                                ()
                                ()
                            )]
                        )
                        (CaseStmt_Range
                            ()
                            (IntegerConstant 40 (Integer 4) Decimal)
                            [(Assignment
                                (Var 2 out)
                                (IntegerConstant 5 (Integer 4) Decimal)
                                ()
                            )
                            (Print
                                [(StringFormat
                                    ()
                                    [(StringConstant
                                        "Better try again!"
                                        (Character 1 17 ())
                                    )]
                                    FormatFortran
                                    (Character -1 0 ())
                                    ()
                                )]
                                ()
                                ()
                            )]
                        )]
                        [(Assignment
                            (Var 2 out)
                            (IntegerConstant 6 (Integer 4) Decimal)
                            ()
                        )
                        (Print
                            [(StringFormat
                                ()
                                [(StringConstant
                                    "Invalid marks"
                                    (Character 1 13 ())
                                )]
                                FormatFortran
                                (Character -1 0 ())
                                ()
                            )]
                            ()
                            ()
                        )]
                        .false.
                    )
                    (Print
                        [(StringFormat
                            ()
                            [(StringConstant
                                "Your marks are "
                                (Character 1 15 ())
                            )
                            (Var 2 marks)]
                            FormatFortran
                            (Character -1 0 ())
                            ()
                        )]
                        ()
                        ()
                    )
                    (If
                        (IntegerCompare
                            (Var 2 out)
                            NotEq
                            (IntegerConstant 1 (Integer 4) Decimal)
                            (Logical 4)
                            ()
                        )
                        [(ErrorStop
                            ()
                        )]
                        []
                    )
                    (Select
                        (Var 2 marks)
                        [(CaseStmt_Range
                            (IntegerConstant 91 (Integer 4) Decimal)
                            (IntegerConstant 100 (Integer 4) Decimal)
                            [(Print
                                [(StringFormat
                                    ()
                                    [(StringConstant
                                        "Excellent!"
                                        (Character 1 10 ())
                                    )]
                                    FormatFortran
                                    (Character -1 0 ())
                                    ()
                                )]
                                ()
                                ()
                            )]
                        )
                        (CaseStmt_Range
                            (IntegerConstant 81 (Integer 4) Decimal)
                            (IntegerConstant 90 (Integer 4) Decimal)
                            [(Print
                                [(StringFormat
                                    ()
                                    [(StringConstant
                                        "Very good!"
                                        (Character 1 10 ())
                                    )]
                                    FormatFortran
                                    (Character -1 0 ())
                                    ()
                                )]
                                ()
                                ()
                            )]
                        )
                        (CaseStmt_Range
                            (IntegerConstant 71 (Integer 4) Decimal)
                            (IntegerConstant 80 (Integer 4) Decimal)
                            [(Print
                                [(StringFormat
                                    ()
                                    [(StringConstant
                                        "Well done!"
                                        (Character 1 10 ())
                                    )]
                                    FormatFortran
                                    (Character -1 0 ())
                                    ()
                                )]
                                ()
                                ()
                            )]
                        )
                        (CaseStmt_Range
                            (IntegerConstant 61 (Integer 4) Decimal)
                            (IntegerConstant 70 (Integer 4) Decimal)
                            [(Print
                                [(StringFormat
                                    ()
                                    [(StringConstant
                                        "Not bad!"
                                        (Character 1 8 ())
                                    )]
                                    FormatFortran
                                    (Character -1 0 ())
                                    ()
                                )]
                                ()
                                ()
                            )]
                        )
                        (CaseStmt_Range
                            (IntegerConstant 41 (Integer 4) Decimal)
                            (IntegerConstant 60 (Integer 4) Decimal)
                            [(Print
                                [(StringFormat
                                    ()
                                    [(StringConstant
                                        "You passed!"
                                        (Character 1 11 ())
                                    )]
                                    FormatFortran
                                    (Character -1 0 ())
                                    ()
                                )]
                                ()
                                ()
                            )]
                        )
                        (CaseStmt_Range
                            ()
                            (IntegerConstant 40 (Integer 4) Decimal)
                            [(Print
                                [(StringFormat
                                    ()
                                    [(StringConstant
                                        "Better try again!"
                                        (Character 1 17 ())
                                    )]
                                    FormatFortran
                                    (Character -1 0 ())
                                    ()
                                )]
                                ()
                                ()
                            )]
                        )]
                        [(Print
                            [(StringFormat
                                ()
                                [(StringConstant
                                    "Invalid marks"
                                    (Character 1 13 ())
                                )]
                                FormatFortran
                                (Character -1 0 ())
                                ()
                            )]
                            ()
                            ()
                        )]
                        .false.
                    )
                    (Print
                        [(StringFormat
                            ()
                            [(StringConstant
                                "Your marks are "
                                (Character 1 15 ())
                            )
                            (Var 2 marks)]
                            FormatFortran
                            (Character -1 0 ())
                            ()
                        )]
                        ()
                        ()
                    )
                    (Select
                        (Var 2 marks)
                        [(CaseStmt_Range
                            (IntegerConstant 91 (Integer 4) Decimal)
                            (IntegerConstant 100 (Integer 4) Decimal)
                            [(Print
                                [(StringFormat
                                    ()
                                    [(StringConstant
                                        "Excellent!"
                                        (Character 1 10 ())
                                    )]
                                    FormatFortran
                                    (Character -1 0 ())
                                    ()
                                )]
                                ()
                                ()
                            )]
                        )
                        (CaseStmt_Range
                            (IntegerConstant 81 (Integer 4) Decimal)
                            (IntegerConstant 90 (Integer 4) Decimal)
                            [(Print
                                [(StringFormat
                                    ()
                                    [(StringConstant
                                        "Very good!"
                                        (Character 1 10 ())
                                    )]
                                    FormatFortran
                                    (Character -1 0 ())
                                    ()
                                )]
                                ()
                                ()
                            )]
                        )
                        (CaseStmt_Range
                            (IntegerConstant 71 (Integer 4) Decimal)
                            (IntegerConstant 80 (Integer 4) Decimal)
                            [(Print
                                [(StringFormat
                                    ()
                                    [(StringConstant
                                        "Well done!"
                                        (Character 1 10 ())
                                    )]
                                    FormatFortran
                                    (Character -1 0 ())
                                    ()
                                )]
                                ()
                                ()
                            )]
                        )
                        (CaseStmt_Range
                            (IntegerConstant 61 (Integer 4) Decimal)
                            (IntegerConstant 70 (Integer 4) Decimal)
                            [(Print
                                [(StringFormat
                                    ()
                                    [(StringConstant
                                        "Not bad!"
                                        (Character 1 8 ())
                                    )]
                                    FormatFortran
                                    (Character -1 0 ())
                                    ()
                                )]
                                ()
                                ()
                            )]
                        )
                        (CaseStmt_Range
                            (IntegerConstant 41 (Integer 4) Decimal)
                            (IntegerConstant 60 (Integer 4) Decimal)
                            [(Print
                                [(StringFormat
                                    ()
                                    [(StringConstant
                                        "You passed!"
                                        (Character 1 11 ())
                                    )]
                                    FormatFortran
                                    (Character -1 0 ())
                                    ()
                                )]
                                ()
                                ()
                            )]
                        )
                        (CaseStmt_Range
                            ()
                            (IntegerConstant 40 (Integer 4) Decimal)
                            [(Print
                                [(StringFormat
                                    ()
                                    [(StringConstant
                                        "Better try again!"
                                        (Character 1 17 ())
                                    )]
                                    FormatFortran
                                    (Character -1 0 ())
                                    ()
                                )]
                                ()
                                ()
                            )]
                        )]
                        [(Print
                            [(StringFormat
                                ()
                                [(StringConstant
                                    "Invalid marks"
                                    (Character 1 13 ())
                                )]
                                FormatFortran
                                (Character -1 0 ())
                                ()
                            )]
                            ()
                            ()
                        )]
                        .false.
                    )
                    (Print
                        [(StringFormat
                            ()
                            [(StringConstant
                                "Your marks are "
                                (Character 1 15 ())
                            )
                            (Var 2 marks)]
                            FormatFortran
                            (Character -1 0 ())
                            ()
                        )]
                        ()
                        ()
                    )]
                )
        })
    []
)
