(TranslationUnit
    (SymbolTable
        1
        {
            case_05:
                (Program
                    (SymbolTable
                        2
                        {
                            grade:
                                (Variable
                                    2
                                    grade
                                    []
                                    Local
                                    (StringConstant
                                        "B"
                                        (Character 1 1 ())
                                    )
                                    (StringConstant
                                        "B"
                                        (Character 1 1 ())
                                    )
                                    Save
                                    (Character 1 1 ())
                                    ()
                                    Source
                                    Public
                                    Required
                                    .false.
                                )
                        })
                    case_05
                    []
                    [(Select
                        (Var 2 grade)
                        [(CaseStmt
                            [(StringConstant
                                "A"
                                (Character 1 1 ())
                            )]
                            [(Print
                                [(StringFormat
                                    ()
                                    [(StringConstant
                                        "Excellent!"
                                        (Character 1 10 ())
                                    )]
                                    FormatFortran
                                    (Character -1 0 ())
                                    ()
                                )]
                                ()
                                ()
                            )]
                            .false.
                        )
                        (CaseStmt
                            [(StringConstant
                                "B"
                                (Character 1 1 ())
                            )]
                            []
                            .false.
                        )
                        (CaseStmt
                            [(StringConstant
                                "C"
                                (Character 1 1 ())
                            )]
                            [(Print
                                [(StringFormat
                                    ()
                                    [(StringConstant
                                        "Well done"
                                        (Character 1 9 ())
                                    )]
                                    FormatFortran
                                    (Character -1 0 ())
                                    ()
                                )]
                                ()
                                ()
                            )]
                            .false.
                        )
                        (CaseStmt
                            [(StringConstant
                                "D"
                                (Character 1 1 ())
                            )]
                            [(Print
                                [(StringFormat
                                    ()
                                    [(StringConstant
                                        "You passed"
                                        (Character 1 10 ())
                                    )]
                                    FormatFortran
                                    (Character -1 0 ())
                                    ()
                                )]
                                ()
                                ()
                            )]
                            .false.
                        )
                        (CaseStmt
                            [(StringConstant
                                "F"
                                (Character 1 1 ())
                            )]
                            [(Print
                                [(StringFormat
                                    ()
                                    [(StringConstant
                                        "Better try again"
                                        (Character 1 16 ())
                                    )]
                                    FormatFortran
                                    (Character -1 0 ())
                                    ()
                                )]
                                ()
                                ()
                            )]
                            .false.
                        )]
                        [(Print
                            [(StringFormat
                                ()
                                [(StringConstant
                                    "Invalid grade"
                                    (Character 1 13 ())
                                )]
                                FormatFortran
                                (Character -1 0 ())
                                ()
                            )]
                            ()
                            ()
                        )]
                        .false.
                    )
                    (Print
                        [(StringFormat
                            ()
                            [(StringConstant
                                "Your grade is "
                                (Character 1 14 ())
                            )
                            (Var 2 grade)]
                            FormatFortran
                            (Character -1 0 ())
                            ()
                        )]
                        ()
                        ()
                    )]
                )
        })
    []
)
