(TranslationUnit
    (SymbolTable
        1
        {
            __xx_main:
                (Program
                    (SymbolTable
                        2
                        {
                            
                        })
                    __xx_main
                    []
                    [(Print
                        [(StringConstant
                            "1 LFortran"
                            (Character 1 10 ())
                        )]
                        ()
                        ()
                    )
                    (Print
                        [(StringConstant
                            "2 LFortran 1"
                            (Character 1 12 ())
                        )]
                        ()
                        ()
                    )
                    (Print
                        [(StringConstant
                            "3 LFortran 1"
                            (Character 1 12 ())
                        )]
                        ()
                        ()
                    )
                    (Print
                        [(StringConstant
                            "4 LFortran 1"
                            (Character 1 12 ())
                        )]
                        ()
                        ()
                    )
                    (Print
                        [(StringConstant
                            "42 LFortran 1"
                            (Character 1 13 ())
                        )]
                        ()
                        ()
                    )
                    (Print
                        [(StringConstant
                            "X is 1"
                            (Character 1 6 ())
                        )]
                        ()
                        ()
                    )
                    (Print
                        [(StringConstant
                            "1 Y is 1"
                            (Character 1 8 ())
                        )]
                        ()
                        ()
                    )
                    (Print
                        [(StringConstant
                            "X is 2"
                            (Character 1 6 ())
                        )]
                        ()
                        ()
                    )
                    (Print
                        [(StringConstant
                            "2 Y is 3"
                            (Character 1 8 ())
                        )]
                        ()
                        ()
                    )
                    (Print
                        [(StringConstant
                            "X is 4"
                            (Character 1 6 ())
                        )]
                        ()
                        ()
                    )
                    (Print
                        [(StringConstant
                            "4 Y is 4"
                            (Character 1 8 ())
                        )]
                        ()
                        ()
                    )
                    (Print
                        [(StringConstant
                            "X is not 1-4"
                            (Character 1 12 ())
                        )]
                        ()
                        ()
                    )
                    (Print
                        [(StringConstant
                            "5 Y is not 1-4"
                            (Character 1 14 ())
                        )]
                        ()
                        ()
                    )]
                )
        })
    []
)
