(TranslationUnit
    (SymbolTable
        1
        {
            test_cpp_hex:
                (Program
                    (SymbolTable
                        2
                        {
                            
                        })
                    test_cpp_hex
                    []
                    [(Print
                        [(StringFormat
                            ()
                            [(StringConstant
                                "yes hex and int equal"
                                (Character 1 21 ())
                            )]
                            FormatFortran
                            (Character -1 0 ())
                            ()
                        )]
                        ()
                        ()
                    )
                    (Print
                        [(StringFormat
                            ()
                            [(StringConstant
                                "yes hex and bin equal"
                                (Character 1 21 ())
                            )]
                            FormatFortran
                            (Character -1 0 ())
                            ()
                        )]
                        ()
                        ()
                    )
                    (Print
                        [(StringFormat
                            ()
                            [(StringConstant
                                "yes bin and int equal"
                                (Character 1 21 ())
                            )]
                            FormatFortran
                            (Character -1 0 ())
                            ()
                        )]
                        ()
                        ()
                    )]
                )
        })
    []
)
