(TranslationUnit
    (SymbolTable
        1
        {
            preprocessor6:
                (Program
                    (SymbolTable
                        2
                        {
                            
                        })
                    preprocessor6
                    []
                    [(Print
                        [(StringFormat
                            ()
                            [(StringConstant
                                "1a"
                                (Character 1 2 ())
                            )]
                            FormatFortran
                            (Character -1 0 ())
                            ()
                        )]
                        ()
                        ()
                    )
                    (Print
                        [(StringFormat
                            ()
                            [(StringConstant
                                "1b"
                                (Character 1 2 ())
                            )]
                            FormatFortran
                            (Character -1 0 ())
                            ()
                        )]
                        ()
                        ()
                    )
                    (Print
                        [(StringFormat
                            ()
                            [(StringConstant
                                "2a"
                                (Character 1 2 ())
                            )]
                            FormatFortran
                            (Character -1 0 ())
                            ()
                        )]
                        ()
                        ()
                    )
                    (Print
                        [(StringFormat
                            ()
                            [(StringConstant
                                "2b"
                                (Character 1 2 ())
                            )]
                            FormatFortran
                            (Character -1 0 ())
                            ()
                        )]
                        ()
                        ()
                    )
                    (Print
                        [(StringFormat
                            ()
                            [(StringConstant
                                "1b"
                                (Character 1 2 ())
                            )]
                            FormatFortran
                            (Character -1 0 ())
                            ()
                        )]
                        ()
                        ()
                    )
                    (Print
                        [(StringFormat
                            ()
                            [(StringConstant
                                "10"
                                (Character 1 2 ())
                            )]
                            FormatFortran
                            (Character -1 0 ())
                            ()
                        )]
                        ()
                        ()
                    )
                    (Print
                        [(StringFormat
                            ()
                            [(StringConstant
                                "1a0"
                                (Character 1 3 ())
                            )]
                            FormatFortran
                            (Character -1 0 ())
                            ()
                        )]
                        ()
                        ()
                    )
                    (Print
                        [(StringFormat
                            ()
                            [(StringConstant
                                "1ab"
                                (Character 1 3 ())
                            )]
                            FormatFortran
                            (Character -1 0 ())
                            ()
                        )]
                        ()
                        ()
                    )
                    (Print
                        [(StringFormat
                            ()
                            [(StringConstant
                                "1ac"
                                (Character 1 3 ())
                            )]
                            FormatFortran
                            (Character -1 0 ())
                            ()
                        )]
                        ()
                        ()
                    )
                    (Print
                        [(StringFormat
                            ()
                            [(StringConstant
                                "1c"
                                (Character 1 2 ())
                            )]
                            FormatFortran
                            (Character -1 0 ())
                            ()
                        )]
                        ()
                        ()
                    )
                    (Print
                        [(StringFormat
                            ()
                            [(StringConstant
                                "10"
                                (Character 1 2 ())
                            )]
                            FormatFortran
                            (Character -1 0 ())
                            ()
                        )]
                        ()
                        ()
                    )
                    (Print
                        [(StringFormat
                            ()
                            [(StringConstant
                                "1a0"
                                (Character 1 3 ())
                            )]
                            FormatFortran
                            (Character -1 0 ())
                            ()
                        )]
                        ()
                        ()
                    )
                    (Print
                        [(StringFormat
                            ()
                            [(StringConstant
                                "1aa"
                                (Character 1 3 ())
                            )]
                            FormatFortran
                            (Character -1 0 ())
                            ()
                        )]
                        ()
                        ()
                    )
                    (Print
                        [(StringFormat
                            ()
                            [(StringConstant
                                "1ac"
                                (Character 1 3 ())
                            )]
                            FormatFortran
                            (Character -1 0 ())
                            ()
                        )]
                        ()
                        ()
                    )
                    (Print
                        [(StringFormat
                            ()
                            [(StringConstant
                                "1c"
                                (Character 1 2 ())
                            )]
                            FormatFortran
                            (Character -1 0 ())
                            ()
                        )]
                        ()
                        ()
                    )]
                )
        })
    []
)
