(TranslationUnit
    (SymbolTable
        1
        {
            preprocessor15:
                (Program
                    (SymbolTable
                        2
                        {
                            
                        })
                    preprocessor15
                    []
                    [(Print
                        [(StringFormat
                            ()
                            [(StringConstant
                                "X == 4"
                                (Character 1 6 ())
                            )]
                            FormatFortran
                            (Character -1 0 ())
                            ()
                        )]
                        ()
                        ()
                    )
                    (Print
                        [(StringFormat
                            ()
                            [(StringConstant
                                "X == 4"
                                (Character 1 6 ())
                            )]
                            FormatFortran
                            (Character -1 0 ())
                            ()
                        )]
                        ()
                        ()
                    )
                    (Print
                        [(StringFormat
                            ()
                            [(StringConstant
                                "X == 4"
                                (Character 1 6 ())
                            )]
                            FormatFortran
                            (Character -1 0 ())
                            ()
                        )]
                        ()
                        ()
                    )
                    (Print
                        [(StringFormat
                            ()
                            [(StringConstant
                                "X == 2"
                                (Character 1 6 ())
                            )]
                            FormatFortran
                            (Character -1 0 ())
                            ()
                        )]
                        ()
                        ()
                    )
                    (Print
                        [(StringFormat
                            ()
                            [(StringConstant
                                "X == 2"
                                (Character 1 6 ())
                            )]
                            FormatFortran
                            (Character -1 0 ())
                            ()
                        )]
                        ()
                        ()
                    )
                    (Print
                        [(StringFormat
                            ()
                            [(StringConstant
                                "X == 2"
                                (Character 1 6 ())
                            )]
                            FormatFortran
                            (Character -1 0 ())
                            ()
                        )]
                        ()
                        ()
                    )
                    (Print
                        [(StringFormat
                            ()
                            [(StringConstant
                                "X == 1"
                                (Character 1 6 ())
                            )]
                            FormatFortran
                            (Character -1 0 ())
                            ()
                        )]
                        ()
                        ()
                    )
                    (Print
                        [(StringFormat
                            ()
                            [(StringConstant
                                "X == 1"
                                (Character 1 6 ())
                            )]
                            FormatFortran
                            (Character -1 0 ())
                            ()
                        )]
                        ()
                        ()
                    )
                    (Print
                        [(StringFormat
                            ()
                            [(StringConstant
                                "X == 1"
                                (Character 1 6 ())
                            )]
                            FormatFortran
                            (Character -1 0 ())
                            ()
                        )]
                        ()
                        ()
                    )
                    (Print
                        [(StringFormat
                            ()
                            [(StringConstant
                                "X == 2"
                                (Character 1 6 ())
                            )]
                            FormatFortran
                            (Character -1 0 ())
                            ()
                        )]
                        ()
                        ()
                    )
                    (Print
                        [(StringFormat
                            ()
                            [(StringConstant
                                "X == 2"
                                (Character 1 6 ())
                            )]
                            FormatFortran
                            (Character -1 0 ())
                            ()
                        )]
                        ()
                        ()
                    )
                    (Print
                        [(StringFormat
                            ()
                            [(StringConstant
                                "X == 2"
                                (Character 1 6 ())
                            )]
                            FormatFortran
                            (Character -1 0 ())
                            ()
                        )]
                        ()
                        ()
                    )]
                )
        })
    []
)
