; ModuleID = 'LFortran'
source_filename = "LFortran"

%string_descriptor = type <{ i8*, i64 }>

@0 = private unnamed_addr constant [11 x i8] c"ERROR STOP\00", align 1
@1 = private unnamed_addr constant [2 x i8] c"\0A\00", align 1
@2 = private unnamed_addr constant [5 x i8] c"%s%s\00", align 1
@3 = private unnamed_addr constant [2 x i8] c"\0A\00", align 1
@serialization_info = private unnamed_addr constant [3 x i8] c"I4\00", align 1
@4 = private unnamed_addr constant [5 x i8] c"%s%s\00", align 1
@5 = private unnamed_addr constant [11 x i8] c"ERROR STOP\00", align 1
@6 = private unnamed_addr constant [2 x i8] c"\0A\00", align 1
@7 = private unnamed_addr constant [5 x i8] c"%s%s\00", align 1
@8 = private unnamed_addr constant [2 x i8] c"\0A\00", align 1
@serialization_info.1 = private unnamed_addr constant [3 x i8] c"I4\00", align 1
@9 = private unnamed_addr constant [5 x i8] c"%s%s\00", align 1
@10 = private unnamed_addr constant [11 x i8] c"ERROR STOP\00", align 1
@11 = private unnamed_addr constant [2 x i8] c"\0A\00", align 1
@12 = private unnamed_addr constant [5 x i8] c"%s%s\00", align 1
@13 = private unnamed_addr constant [2 x i8] c"\0A\00", align 1
@serialization_info.2 = private unnamed_addr constant [3 x i8] c"I4\00", align 1
@14 = private unnamed_addr constant [5 x i8] c"%s%s\00", align 1

define i32 @main(i32 %0, i8** %1) {
.entry:
  %a = alloca i32, align 4
  %b = alloca i32, align 4
  %i = alloca i32, align 4
  %j = alloca i32, align 4
  call void @_lpython_call_initial_functions(i32 %0, i8** %1)
  %a1 = alloca i32, align 4
  %b2 = alloca i32, align 4
  %i3 = alloca i32, align 4
  %j4 = alloca i32, align 4
  store i32 0, i32* %j4, align 4
  store i32 1, i32* %a1, align 4
  store i32 10, i32* %b2, align 4
  %2 = load i32, i32* %a1, align 4
  %3 = sub i32 %2, 1
  store i32 %3, i32* %i3, align 4
  br label %loop.head

loop.head:                                        ; preds = %loop.body, %.entry
  %4 = load i32, i32* %i3, align 4
  %5 = add i32 %4, 1
  %6 = load i32, i32* %b2, align 4
  %7 = icmp sle i32 %5, %6
  br i1 %7, label %loop.body, label %loop.end

loop.body:                                        ; preds = %loop.head
  %8 = load i32, i32* %i3, align 4
  %9 = add i32 %8, 1
  store i32 %9, i32* %i3, align 4
  %10 = load i32, i32* %j4, align 4
  %11 = load i32, i32* %i3, align 4
  %12 = add i32 %10, %11
  store i32 %12, i32* %j4, align 4
  br label %loop.head

loop.end:                                         ; preds = %loop.head
  %13 = load i32, i32* %j4, align 4
  %14 = icmp ne i32 %13, 55
  br i1 %14, label %then, label %else

then:                                             ; preds = %loop.end
  call void (i8*, ...) @_lcompilers_print_error(i8* getelementptr inbounds ([5 x i8], [5 x i8]* @2, i32 0, i32 0), i8* getelementptr inbounds ([11 x i8], [11 x i8]* @0, i32 0, i32 0), i8* getelementptr inbounds ([2 x i8], [2 x i8]* @1, i32 0, i32 0))
  call void @exit(i32 1)
  br label %ifcont

else:                                             ; preds = %loop.end
  br label %ifcont

ifcont:                                           ; preds = %else, %then
  %15 = call i8* (i8*, i64, i8*, i32, i32, ...) @_lcompilers_string_format_fortran(i8* null, i64 0, i8* getelementptr inbounds ([3 x i8], [3 x i8]* @serialization_info, i32 0, i32 0), i32 0, i32 0, i32* %j4)
  %16 = call i64 @_lfortran_str_len(i8* %15)
  %17 = call i8* @_lfortran_malloc(i64 16)
  %stringFormat_desc = bitcast i8* %17 to %string_descriptor*
  %18 = getelementptr %string_descriptor, %string_descriptor* %stringFormat_desc, i32 0, i32 0
  store i8* %15, i8** %18, align 8
  %19 = getelementptr %string_descriptor, %string_descriptor* %stringFormat_desc, i32 0, i32 1
  store i64 %16, i64* %19, align 4
  %20 = getelementptr %string_descriptor, %string_descriptor* %stringFormat_desc, i32 0, i32 0
  %21 = load i8*, i8** %20, align 8
  %22 = getelementptr %string_descriptor, %string_descriptor* %stringFormat_desc, i32 0, i32 1
  %23 = load i64, i64* %22, align 4
  %24 = trunc i64 %23 to i32
  call void @_lfortran_printf(i8* getelementptr inbounds ([5 x i8], [5 x i8]* @4, i32 0, i32 0), i8* %21, i32 %24, i8* getelementptr inbounds ([2 x i8], [2 x i8]* @3, i32 0, i32 0), i32 1)
  store i32 0, i32* %a1, align 4
  store i32 0, i32* %i3, align 4
  br label %loop.head5

loop.head5:                                       ; preds = %loop.end9, %ifcont
  %25 = load i32, i32* %i3, align 4
  %26 = add i32 %25, 1
  %27 = icmp sle i32 %26, 10
  br i1 %27, label %loop.body6, label %loop.end10

loop.body6:                                       ; preds = %loop.head5
  %28 = load i32, i32* %i3, align 4
  %29 = add i32 %28, 1
  store i32 %29, i32* %i3, align 4
  store i32 0, i32* %j4, align 4
  br label %loop.head7

loop.head7:                                       ; preds = %loop.body8, %loop.body6
  %30 = load i32, i32* %j4, align 4
  %31 = add i32 %30, 1
  %32 = icmp sle i32 %31, 10
  br i1 %32, label %loop.body8, label %loop.end9

loop.body8:                                       ; preds = %loop.head7
  %33 = load i32, i32* %j4, align 4
  %34 = add i32 %33, 1
  store i32 %34, i32* %j4, align 4
  %35 = load i32, i32* %a1, align 4
  %36 = load i32, i32* %i3, align 4
  %37 = sub i32 %36, 1
  %38 = mul i32 %37, 10
  %39 = add i32 %35, %38
  %40 = load i32, i32* %j4, align 4
  %41 = add i32 %39, %40
  store i32 %41, i32* %a1, align 4
  br label %loop.head7

loop.end9:                                        ; preds = %loop.head7
  br label %loop.head5

loop.end10:                                       ; preds = %loop.head5
  %42 = load i32, i32* %a1, align 4
  %43 = icmp ne i32 %42, 5050
  br i1 %43, label %then11, label %else12

then11:                                           ; preds = %loop.end10
  call void (i8*, ...) @_lcompilers_print_error(i8* getelementptr inbounds ([5 x i8], [5 x i8]* @7, i32 0, i32 0), i8* getelementptr inbounds ([11 x i8], [11 x i8]* @5, i32 0, i32 0), i8* getelementptr inbounds ([2 x i8], [2 x i8]* @6, i32 0, i32 0))
  call void @exit(i32 1)
  br label %ifcont13

else12:                                           ; preds = %loop.end10
  br label %ifcont13

ifcont13:                                         ; preds = %else12, %then11
  %44 = call i8* (i8*, i64, i8*, i32, i32, ...) @_lcompilers_string_format_fortran(i8* null, i64 0, i8* getelementptr inbounds ([3 x i8], [3 x i8]* @serialization_info.1, i32 0, i32 0), i32 0, i32 0, i32* %a1)
  %45 = call i64 @_lfortran_str_len(i8* %44)
  %46 = call i8* @_lfortran_malloc(i64 16)
  %stringFormat_desc14 = bitcast i8* %46 to %string_descriptor*
  %47 = getelementptr %string_descriptor, %string_descriptor* %stringFormat_desc14, i32 0, i32 0
  store i8* %44, i8** %47, align 8
  %48 = getelementptr %string_descriptor, %string_descriptor* %stringFormat_desc14, i32 0, i32 1
  store i64 %45, i64* %48, align 4
  %49 = getelementptr %string_descriptor, %string_descriptor* %stringFormat_desc14, i32 0, i32 0
  %50 = load i8*, i8** %49, align 8
  %51 = getelementptr %string_descriptor, %string_descriptor* %stringFormat_desc14, i32 0, i32 1
  %52 = load i64, i64* %51, align 4
  %53 = trunc i64 %52 to i32
  call void @_lfortran_printf(i8* getelementptr inbounds ([5 x i8], [5 x i8]* @9, i32 0, i32 0), i8* %50, i32 %53, i8* getelementptr inbounds ([2 x i8], [2 x i8]* @8, i32 0, i32 0), i32 1)
  store i32 0, i32* %a1, align 4
  store i32 0, i32* %i3, align 4
  br label %loop.head15

loop.head15:                                      ; preds = %loop.end19, %ifcont13
  %54 = load i32, i32* %i3, align 4
  %55 = add i32 %54, 1
  %56 = icmp sle i32 %55, 10
  br i1 %56, label %loop.body16, label %loop.end20

loop.body16:                                      ; preds = %loop.head15
  %57 = load i32, i32* %i3, align 4
  %58 = add i32 %57, 1
  store i32 %58, i32* %i3, align 4
  store i32 0, i32* %j4, align 4
  br label %loop.head17

loop.head17:                                      ; preds = %loop.body18, %loop.body16
  %59 = load i32, i32* %j4, align 4
  %60 = add i32 %59, 1
  %61 = load i32, i32* %i3, align 4
  %62 = icmp sle i32 %60, %61
  br i1 %62, label %loop.body18, label %loop.end19

loop.body18:                                      ; preds = %loop.head17
  %63 = load i32, i32* %j4, align 4
  %64 = add i32 %63, 1
  store i32 %64, i32* %j4, align 4
  %65 = load i32, i32* %a1, align 4
  %66 = load i32, i32* %j4, align 4
  %67 = add i32 %65, %66
  store i32 %67, i32* %a1, align 4
  br label %loop.head17

loop.end19:                                       ; preds = %loop.head17
  br label %loop.head15

loop.end20:                                       ; preds = %loop.head15
  %68 = load i32, i32* %a1, align 4
  %69 = icmp ne i32 %68, 220
  br i1 %69, label %then21, label %else22

then21:                                           ; preds = %loop.end20
  call void (i8*, ...) @_lcompilers_print_error(i8* getelementptr inbounds ([5 x i8], [5 x i8]* @12, i32 0, i32 0), i8* getelementptr inbounds ([11 x i8], [11 x i8]* @10, i32 0, i32 0), i8* getelementptr inbounds ([2 x i8], [2 x i8]* @11, i32 0, i32 0))
  call void @exit(i32 1)
  br label %ifcont23

else22:                                           ; preds = %loop.end20
  br label %ifcont23

ifcont23:                                         ; preds = %else22, %then21
  %70 = call i8* (i8*, i64, i8*, i32, i32, ...) @_lcompilers_string_format_fortran(i8* null, i64 0, i8* getelementptr inbounds ([3 x i8], [3 x i8]* @serialization_info.2, i32 0, i32 0), i32 0, i32 0, i32* %a1)
  %71 = call i64 @_lfortran_str_len(i8* %70)
  %72 = call i8* @_lfortran_malloc(i64 16)
  %stringFormat_desc24 = bitcast i8* %72 to %string_descriptor*
  %73 = getelementptr %string_descriptor, %string_descriptor* %stringFormat_desc24, i32 0, i32 0
  store i8* %70, i8** %73, align 8
  %74 = getelementptr %string_descriptor, %string_descriptor* %stringFormat_desc24, i32 0, i32 1
  store i64 %71, i64* %74, align 4
  %75 = getelementptr %string_descriptor, %string_descriptor* %stringFormat_desc24, i32 0, i32 0
  %76 = load i8*, i8** %75, align 8
  %77 = getelementptr %string_descriptor, %string_descriptor* %stringFormat_desc24, i32 0, i32 1
  %78 = load i64, i64* %77, align 4
  %79 = trunc i64 %78 to i32
  call void @_lfortran_printf(i8* getelementptr inbounds ([5 x i8], [5 x i8]* @14, i32 0, i32 0), i8* %76, i32 %79, i8* getelementptr inbounds ([2 x i8], [2 x i8]* @13, i32 0, i32 0), i32 1)
  call void @_lpython_free_argv()
  br label %return

return:                                           ; preds = %ifcont23
  ret i32 0
}

declare void @_lpython_call_initial_functions(i32, i8**)

declare void @_lcompilers_print_error(i8*, ...)

declare void @exit(i32)

declare i8* @_lcompilers_string_format_fortran(i8*, i64, i8*, i32, i32, ...)

declare i64 @_lfortran_str_len(i8*)

declare i8* @_lfortran_malloc(i64)

declare void @_lfortran_printf(i8*, i8*, i32, i8*, i32)

declare void @_lpython_free_argv()
