; ModuleID = 'LFortran'
source_filename = "LFortran"

%0 = type { [25 x i8], i32 }
%compiler_t_polymorphic = type { i64, %compiler_t* }
%compiler_t = type <{ i32, %string_descriptor, %string_descriptor, %string_descriptor, i1, i1 }>
%string_descriptor = type { i8*, i64, i64 }
%array = type { %string_t*, i32, %dimension_descriptor*, i1, i32 }
%string_t = type <{ %string_descriptor }>
%dimension_descriptor = type { i32, i32, i32 }
%__vtab_compiler_t = type { i64 }

@lcompilers__nameless_enum = global [3 x %0] [%0 { [11 x i8] c"id_unknown\00", i32 0 }, %0 { [25 x i8] c"id_intel_classic_windows\00", i32 1 }, %0 { [22 x i8] c"id_intel_llvm_windows\00", i32 2 }]
@0 = private unnamed_addr constant [2 x i8] c"\0A\00", align 1
@serialization_info = private unnamed_addr constant [2 x i8] c"S\00", align 1
@1 = private unnamed_addr constant [5 x i8] c"%s%s\00", align 1

define void @__module_fpm_compiler_enumerate_libraries(%compiler_t_polymorphic* %self, i8** %prefix, %array* %libs, %string_descriptor* %r) {
.entry:
  %0 = alloca %__vtab_compiler_t, align 8
  %1 = getelementptr %__vtab_compiler_t, %__vtab_compiler_t* %0, i32 0, i32 0
  store i64 0, i64* %1, align 4
  %2 = getelementptr %compiler_t_polymorphic, %compiler_t_polymorphic* %self, i32 0, i32 1
  %3 = load %compiler_t*, %compiler_t** %2, align 8
  %4 = getelementptr %compiler_t, %compiler_t* %3, i32 0, i32 0
  %5 = load i32, i32* %4, align 4
  %6 = icmp eq i32 %5, 1
  %7 = getelementptr %compiler_t_polymorphic, %compiler_t_polymorphic* %self, i32 0, i32 1
  %8 = load %compiler_t*, %compiler_t** %7, align 8
  %9 = getelementptr %compiler_t, %compiler_t* %8, i32 0, i32 0
  %10 = load i32, i32* %9, align 4
  %11 = icmp eq i32 %10, 2
  %12 = icmp eq i1 %6, false
  %13 = select i1 %12, i1 %11, i1 %6
  br i1 %13, label %then, label %else

then:                                             ; preds = %.entry
  br label %ifcont

else:                                             ; preds = %.entry
  br label %ifcont

ifcont:                                           ; preds = %else, %then
  br label %return

return:                                           ; preds = %ifcont
  ret void
}

define i32 @main(i32 %0, i8** %1) {
.entry:
  %array_descriptor1 = alloca %array, align 8
  %array_descriptor = alloca %array, align 8
  %i = alloca i32, align 4
  %array_size = alloca i32, align 4
  call void @_lpython_call_initial_functions(i32 %0, i8** %1)
  %__libasr__created__var__0__func_call_res = alloca %string_descriptor, align 8
  %2 = getelementptr %string_descriptor, %string_descriptor* %__libasr__created__var__0__func_call_res, i32 0, i32 0
  store i8* null, i8** %2, align 8
  %3 = getelementptr %string_descriptor, %string_descriptor* %__libasr__created__var__0__func_call_res, i32 0, i32 1
  store i64 0, i64* %3, align 4
  %4 = getelementptr %string_descriptor, %string_descriptor* %__libasr__created__var__0__func_call_res, i32 0, i32 2
  store i64 0, i64* %4, align 4
  %__libasr__created__var__1__func_call_res = alloca %string_descriptor, align 8
  %5 = getelementptr %string_descriptor, %string_descriptor* %__libasr__created__var__1__func_call_res, i32 0, i32 0
  store i8* null, i8** %5, align 8
  %6 = getelementptr %string_descriptor, %string_descriptor* %__libasr__created__var__1__func_call_res, i32 0, i32 1
  store i64 0, i64* %6, align 4
  %7 = getelementptr %string_descriptor, %string_descriptor* %__libasr__created__var__1__func_call_res, i32 0, i32 2
  store i64 0, i64* %7, align 4
  %compiler_arg = alloca %compiler_t, align 8
  %8 = getelementptr %compiler_t, %compiler_t* %compiler_arg, i32 0, i32 2
  %9 = getelementptr %string_descriptor, %string_descriptor* %8, i32 0, i32 0
  store i8* null, i8** %9, align 8
  %10 = getelementptr %string_descriptor, %string_descriptor* %8, i32 0, i32 1
  store i64 0, i64* %10, align 4
  %11 = getelementptr %string_descriptor, %string_descriptor* %8, i32 0, i32 2
  store i64 0, i64* %11, align 4
  %12 = getelementptr %compiler_t, %compiler_t* %compiler_arg, i32 0, i32 3
  %13 = getelementptr %string_descriptor, %string_descriptor* %12, i32 0, i32 0
  store i8* null, i8** %13, align 8
  %14 = getelementptr %string_descriptor, %string_descriptor* %12, i32 0, i32 1
  store i64 0, i64* %14, align 4
  %15 = getelementptr %string_descriptor, %string_descriptor* %12, i32 0, i32 2
  store i64 0, i64* %15, align 4
  %16 = getelementptr %compiler_t, %compiler_t* %compiler_arg, i32 0, i32 4
  store i1 true, i1* %16, align 1
  %17 = getelementptr %compiler_t, %compiler_t* %compiler_arg, i32 0, i32 1
  %18 = getelementptr %string_descriptor, %string_descriptor* %17, i32 0, i32 0
  store i8* null, i8** %18, align 8
  %19 = getelementptr %string_descriptor, %string_descriptor* %17, i32 0, i32 1
  store i64 0, i64* %19, align 4
  %20 = getelementptr %string_descriptor, %string_descriptor* %17, i32 0, i32 2
  store i64 0, i64* %20, align 4
  %21 = getelementptr %compiler_t, %compiler_t* %compiler_arg, i32 0, i32 0
  store i32 0, i32* %21, align 4
  %22 = getelementptr %compiler_t, %compiler_t* %compiler_arg, i32 0, i32 5
  store i1 true, i1* %22, align 1
  %libs_arg = alloca [4 x %string_t], align 8
  store i32 4, i32* %array_size, align 4
  store i32 0, i32* %i, align 4
  br label %loop.head

loop.head:                                        ; preds = %loop.body, %.entry
  %23 = load i32, i32* %i, align 4
  %24 = load i32, i32* %array_size, align 4
  %25 = icmp slt i32 %23, %24
  br i1 %25, label %loop.body, label %loop.end

loop.body:                                        ; preds = %loop.head
  %26 = load i32, i32* %i, align 4
  %27 = getelementptr [4 x %string_t], [4 x %string_t]* %libs_arg, i32 0, i32 %26
  %28 = getelementptr %string_t, %string_t* %27, i32 0, i32 0
  %29 = getelementptr %string_descriptor, %string_descriptor* %28, i32 0, i32 0
  store i8* null, i8** %29, align 8
  %30 = getelementptr %string_descriptor, %string_descriptor* %28, i32 0, i32 1
  store i64 0, i64* %30, align 4
  %31 = getelementptr %string_descriptor, %string_descriptor* %28, i32 0, i32 2
  store i64 0, i64* %31, align 4
  %32 = load i32, i32* %i, align 4
  %33 = add i32 %32, 1
  store i32 %33, i32* %i, align 4
  br label %loop.head

loop.end:                                         ; preds = %loop.head
  %prefix_arg = alloca i8*, align 8
  %34 = call i8* @_lfortran_malloc(i32 4)
  call void @_lfortran_string_init(i64 4, i8* %34)
  store i8* %34, i8** %prefix_arg, align 8
  %35 = load i8*, i8** %prefix_arg, align 8
  %36 = getelementptr %string_descriptor, %string_descriptor* %__libasr__created__var__0__func_call_res, i32 0, i32 0
  %37 = getelementptr %string_descriptor, %string_descriptor* %__libasr__created__var__0__func_call_res, i32 0, i32 1
  %38 = getelementptr %string_descriptor, %string_descriptor* %__libasr__created__var__0__func_call_res, i32 0, i32 2
  %39 = load i8*, i8** %36, align 8
  call void @_lfortran_free(i8* %39)
  store i8* null, i8** %36, align 8
  store i64 0, i64* %37, align 4
  store i64 0, i64* %38, align 4
  %40 = alloca %compiler_t_polymorphic, align 8
  %41 = getelementptr %compiler_t_polymorphic, %compiler_t_polymorphic* %40, i32 0, i32 0
  store i64 0, i64* %41, align 4
  %42 = getelementptr %compiler_t_polymorphic, %compiler_t_polymorphic* %40, i32 0, i32 1
  store %compiler_t* %compiler_arg, %compiler_t** %42, align 8
  %43 = getelementptr [4 x %string_t], [4 x %string_t]* %libs_arg, i32 0, i32 0
  %44 = getelementptr %array, %array* %array_descriptor, i32 0, i32 0
  store %string_t* %43, %string_t** %44, align 8
  %45 = getelementptr %array, %array* %array_descriptor, i32 0, i32 1
  store i32 0, i32* %45, align 4
  %46 = getelementptr %array, %array* %array_descriptor, i32 0, i32 2
  %47 = alloca %dimension_descriptor, align 8
  store %dimension_descriptor* %47, %dimension_descriptor** %46, align 8
  %48 = getelementptr %array, %array* %array_descriptor, i32 0, i32 4
  store i32 1, i32* %48, align 4
  %49 = load %dimension_descriptor*, %dimension_descriptor** %46, align 8
  %50 = getelementptr inbounds %dimension_descriptor, %dimension_descriptor* %49, i32 0
  %51 = getelementptr %dimension_descriptor, %dimension_descriptor* %50, i32 0, i32 0
  %52 = getelementptr %dimension_descriptor, %dimension_descriptor* %50, i32 0, i32 1
  %53 = getelementptr %dimension_descriptor, %dimension_descriptor* %50, i32 0, i32 2
  store i32 1, i32* %51, align 4
  store i32 1, i32* %52, align 4
  store i32 4, i32* %53, align 4
  call void @__module_fpm_compiler_enumerate_libraries(%compiler_t_polymorphic* %40, i8** %prefix_arg, %array* %array_descriptor, %string_descriptor* %__libasr__created__var__0__func_call_res)
  %54 = getelementptr %string_descriptor, %string_descriptor* %__libasr__created__var__1__func_call_res, i32 0, i32 0
  %55 = getelementptr %string_descriptor, %string_descriptor* %__libasr__created__var__1__func_call_res, i32 0, i32 1
  %56 = getelementptr %string_descriptor, %string_descriptor* %__libasr__created__var__1__func_call_res, i32 0, i32 2
  %57 = load i8*, i8** %54, align 8
  call void @_lfortran_free(i8* %57)
  store i8* null, i8** %54, align 8
  store i64 0, i64* %55, align 4
  store i64 0, i64* %56, align 4
  %58 = alloca %compiler_t_polymorphic, align 8
  %59 = getelementptr %compiler_t_polymorphic, %compiler_t_polymorphic* %58, i32 0, i32 0
  store i64 0, i64* %59, align 4
  %60 = getelementptr %compiler_t_polymorphic, %compiler_t_polymorphic* %58, i32 0, i32 1
  store %compiler_t* %compiler_arg, %compiler_t** %60, align 8
  %61 = getelementptr [4 x %string_t], [4 x %string_t]* %libs_arg, i32 0, i32 0
  %62 = getelementptr %array, %array* %array_descriptor1, i32 0, i32 0
  store %string_t* %61, %string_t** %62, align 8
  %63 = getelementptr %array, %array* %array_descriptor1, i32 0, i32 1
  store i32 0, i32* %63, align 4
  %64 = getelementptr %array, %array* %array_descriptor1, i32 0, i32 2
  %65 = alloca %dimension_descriptor, align 8
  store %dimension_descriptor* %65, %dimension_descriptor** %64, align 8
  %66 = getelementptr %array, %array* %array_descriptor1, i32 0, i32 4
  store i32 1, i32* %66, align 4
  %67 = load %dimension_descriptor*, %dimension_descriptor** %64, align 8
  %68 = getelementptr inbounds %dimension_descriptor, %dimension_descriptor* %67, i32 0
  %69 = getelementptr %dimension_descriptor, %dimension_descriptor* %68, i32 0, i32 0
  %70 = getelementptr %dimension_descriptor, %dimension_descriptor* %68, i32 0, i32 1
  %71 = getelementptr %dimension_descriptor, %dimension_descriptor* %68, i32 0, i32 2
  store i32 1, i32* %69, align 4
  store i32 1, i32* %70, align 4
  store i32 4, i32* %71, align 4
  call void @__module_fpm_compiler_enumerate_libraries(%compiler_t_polymorphic* %58, i8** %prefix_arg, %array* %array_descriptor1, %string_descriptor* %__libasr__created__var__1__func_call_res)
  %72 = getelementptr %string_descriptor, %string_descriptor* %__libasr__created__var__1__func_call_res, i32 0, i32 1
  %73 = load i64, i64* %72, align 4
  %74 = getelementptr %string_descriptor, %string_descriptor* %__libasr__created__var__0__func_call_res, i32 0, i32 0
  %75 = load i8*, i8** %74, align 8
  %76 = alloca i8*, align 8
  store i8* %75, i8** %76, align 8
  %77 = call i8* (i8*, i8*, i32, i32, ...) @_lcompilers_string_format_fortran(i8* null, i8* getelementptr inbounds ([2 x i8], [2 x i8]* @serialization_info, i32 0, i32 0), i32 0, i32 1, i64 %73, i8** %76)
  call void (i8*, ...) @_lfortran_printf(i8* getelementptr inbounds ([5 x i8], [5 x i8]* @1, i32 0, i32 0), i8* %77, i8* getelementptr inbounds ([2 x i8], [2 x i8]* @0, i32 0, i32 0))
  %78 = getelementptr %string_descriptor, %string_descriptor* %__libasr__created__var__0__func_call_res, i32 0, i32 0
  %79 = getelementptr %string_descriptor, %string_descriptor* %__libasr__created__var__0__func_call_res, i32 0, i32 1
  %80 = getelementptr %string_descriptor, %string_descriptor* %__libasr__created__var__0__func_call_res, i32 0, i32 2
  %81 = load i8*, i8** %78, align 8
  call void @_lfortran_free(i8* %81)
  store i8* null, i8** %78, align 8
  store i64 0, i64* %79, align 4
  store i64 0, i64* %80, align 4
  %82 = getelementptr %string_descriptor, %string_descriptor* %__libasr__created__var__1__func_call_res, i32 0, i32 0
  %83 = getelementptr %string_descriptor, %string_descriptor* %__libasr__created__var__1__func_call_res, i32 0, i32 1
  %84 = getelementptr %string_descriptor, %string_descriptor* %__libasr__created__var__1__func_call_res, i32 0, i32 2
  %85 = load i8*, i8** %82, align 8
  call void @_lfortran_free(i8* %85)
  store i8* null, i8** %82, align 8
  store i64 0, i64* %83, align 4
  store i64 0, i64* %84, align 4
  call void @_lpython_free_argv()
  br label %return

return:                                           ; preds = %loop.end
  ret i32 0
}

declare void @_lpython_call_initial_functions(i32, i8**)

declare i8* @_lfortran_malloc(i32)

declare void @_lfortran_string_init(i64, i8*)

declare void @_lfortran_free(i8*)

declare i8* @_lcompilers_string_format_fortran(i8*, i8*, i32, i32, ...)

declare void @_lfortran_printf(i8*, ...)

declare void @_lpython_free_argv()
