; ModuleID = 'LFortran'
source_filename = "LFortran"

%string_descriptor = type <{ i8*, i64 }>

@0 = private unnamed_addr constant [2 x i8] c"\0A\00", align 1
@serialization_info = private unnamed_addr constant [6 x i8] c"I4,I4\00", align 1
@1 = private unnamed_addr constant [5 x i8] c"%s%s\00", align 1
@2 = private unnamed_addr constant [11 x i8] c"ERROR STOP\00", align 1
@3 = private unnamed_addr constant [2 x i8] c"\0A\00", align 1
@4 = private unnamed_addr constant [5 x i8] c"%s%s\00", align 1
@5 = private unnamed_addr constant [11 x i8] c"ERROR STOP\00", align 1
@6 = private unnamed_addr constant [2 x i8] c"\0A\00", align 1
@7 = private unnamed_addr constant [5 x i8] c"%s%s\00", align 1
@8 = private unnamed_addr constant [2 x i8] c"\0A\00", align 1
@serialization_info.1 = private unnamed_addr constant [6 x i8] c"I4,I4\00", align 1
@9 = private unnamed_addr constant [5 x i8] c"%s%s\00", align 1
@10 = private unnamed_addr constant [11 x i8] c"ERROR STOP\00", align 1
@11 = private unnamed_addr constant [2 x i8] c"\0A\00", align 1
@12 = private unnamed_addr constant [5 x i8] c"%s%s\00", align 1
@13 = private unnamed_addr constant [11 x i8] c"ERROR STOP\00", align 1
@14 = private unnamed_addr constant [2 x i8] c"\0A\00", align 1
@15 = private unnamed_addr constant [5 x i8] c"%s%s\00", align 1
@16 = private unnamed_addr constant [2 x i8] c"\0A\00", align 1
@serialization_info.2 = private unnamed_addr constant [6 x i8] c"I4,I4\00", align 1
@17 = private unnamed_addr constant [5 x i8] c"%s%s\00", align 1
@18 = private unnamed_addr constant [11 x i8] c"ERROR STOP\00", align 1
@19 = private unnamed_addr constant [2 x i8] c"\0A\00", align 1
@20 = private unnamed_addr constant [5 x i8] c"%s%s\00", align 1
@21 = private unnamed_addr constant [11 x i8] c"ERROR STOP\00", align 1
@22 = private unnamed_addr constant [2 x i8] c"\0A\00", align 1
@23 = private unnamed_addr constant [5 x i8] c"%s%s\00", align 1

define i32 @main(i32 %0, i8** %1) {
.entry:
  %i = alloca i32, align 4
  %j = alloca i32, align 4
  call void @_lpython_call_initial_functions(i32 %0, i8** %1)
  %i1 = alloca i32, align 4
  %j2 = alloca i32, align 4
  store i32 1, i32* %i1, align 4
  store i32 1, i32* %j2, align 4
  call void @f(i32* %i1, i32* %j2)
  %2 = call i8* (i8*, i64, i8*, i32, i32, ...) @_lcompilers_string_format_fortran(i8* null, i64 0, i8* getelementptr inbounds ([6 x i8], [6 x i8]* @serialization_info, i32 0, i32 0), i32 0, i32 0, i32* %i1, i32* %j2)
  %3 = call i64 @_lfortran_str_len(i8* %2)
  %4 = call i8* @_lfortran_malloc(i64 16)
  %stringFormat_desc = bitcast i8* %4 to %string_descriptor*
  %5 = getelementptr %string_descriptor, %string_descriptor* %stringFormat_desc, i32 0, i32 0
  store i8* %2, i8** %5, align 8
  %6 = getelementptr %string_descriptor, %string_descriptor* %stringFormat_desc, i32 0, i32 1
  store i64 %3, i64* %6, align 4
  %7 = getelementptr %string_descriptor, %string_descriptor* %stringFormat_desc, i32 0, i32 0
  %8 = load i8*, i8** %7, align 8
  %9 = getelementptr %string_descriptor, %string_descriptor* %stringFormat_desc, i32 0, i32 1
  %10 = load i64, i64* %9, align 4
  %11 = trunc i64 %10 to i32
  call void @_lfortran_printf(i8* getelementptr inbounds ([5 x i8], [5 x i8]* @1, i32 0, i32 0), i8* %8, i32 %11, i8* getelementptr inbounds ([2 x i8], [2 x i8]* @0, i32 0, i32 0), i32 1)
  %12 = load i32, i32* %i1, align 4
  %13 = icmp ne i32 %12, 1
  br i1 %13, label %then, label %else

then:                                             ; preds = %.entry
  call void (i8*, ...) @_lcompilers_print_error(i8* getelementptr inbounds ([5 x i8], [5 x i8]* @4, i32 0, i32 0), i8* getelementptr inbounds ([11 x i8], [11 x i8]* @2, i32 0, i32 0), i8* getelementptr inbounds ([2 x i8], [2 x i8]* @3, i32 0, i32 0))
  call void @exit(i32 1)
  br label %ifcont

else:                                             ; preds = %.entry
  br label %ifcont

ifcont:                                           ; preds = %else, %then
  %14 = load i32, i32* %j2, align 4
  %15 = icmp ne i32 %14, 2
  br i1 %15, label %then3, label %else4

then3:                                            ; preds = %ifcont
  call void (i8*, ...) @_lcompilers_print_error(i8* getelementptr inbounds ([5 x i8], [5 x i8]* @7, i32 0, i32 0), i8* getelementptr inbounds ([11 x i8], [11 x i8]* @5, i32 0, i32 0), i8* getelementptr inbounds ([2 x i8], [2 x i8]* @6, i32 0, i32 0))
  call void @exit(i32 1)
  br label %ifcont5

else4:                                            ; preds = %ifcont
  br label %ifcont5

ifcont5:                                          ; preds = %else4, %then3
  call void @g(i32* %i1, i32* %j2)
  %16 = call i8* (i8*, i64, i8*, i32, i32, ...) @_lcompilers_string_format_fortran(i8* null, i64 0, i8* getelementptr inbounds ([6 x i8], [6 x i8]* @serialization_info.1, i32 0, i32 0), i32 0, i32 0, i32* %i1, i32* %j2)
  %17 = call i64 @_lfortran_str_len(i8* %16)
  %18 = call i8* @_lfortran_malloc(i64 16)
  %stringFormat_desc6 = bitcast i8* %18 to %string_descriptor*
  %19 = getelementptr %string_descriptor, %string_descriptor* %stringFormat_desc6, i32 0, i32 0
  store i8* %16, i8** %19, align 8
  %20 = getelementptr %string_descriptor, %string_descriptor* %stringFormat_desc6, i32 0, i32 1
  store i64 %17, i64* %20, align 4
  %21 = getelementptr %string_descriptor, %string_descriptor* %stringFormat_desc6, i32 0, i32 0
  %22 = load i8*, i8** %21, align 8
  %23 = getelementptr %string_descriptor, %string_descriptor* %stringFormat_desc6, i32 0, i32 1
  %24 = load i64, i64* %23, align 4
  %25 = trunc i64 %24 to i32
  call void @_lfortran_printf(i8* getelementptr inbounds ([5 x i8], [5 x i8]* @9, i32 0, i32 0), i8* %22, i32 %25, i8* getelementptr inbounds ([2 x i8], [2 x i8]* @8, i32 0, i32 0), i32 1)
  %26 = load i32, i32* %i1, align 4
  %27 = icmp ne i32 %26, 1
  br i1 %27, label %then7, label %else8

then7:                                            ; preds = %ifcont5
  call void (i8*, ...) @_lcompilers_print_error(i8* getelementptr inbounds ([5 x i8], [5 x i8]* @12, i32 0, i32 0), i8* getelementptr inbounds ([11 x i8], [11 x i8]* @10, i32 0, i32 0), i8* getelementptr inbounds ([2 x i8], [2 x i8]* @11, i32 0, i32 0))
  call void @exit(i32 1)
  br label %ifcont9

else8:                                            ; preds = %ifcont5
  br label %ifcont9

ifcont9:                                          ; preds = %else8, %then7
  %28 = load i32, i32* %j2, align 4
  %29 = icmp ne i32 %28, 0
  br i1 %29, label %then10, label %else11

then10:                                           ; preds = %ifcont9
  call void (i8*, ...) @_lcompilers_print_error(i8* getelementptr inbounds ([5 x i8], [5 x i8]* @15, i32 0, i32 0), i8* getelementptr inbounds ([11 x i8], [11 x i8]* @13, i32 0, i32 0), i8* getelementptr inbounds ([2 x i8], [2 x i8]* @14, i32 0, i32 0))
  call void @exit(i32 1)
  br label %ifcont12

else11:                                           ; preds = %ifcont9
  br label %ifcont12

ifcont12:                                         ; preds = %else11, %then10
  call void @h(i32* %i1, i32* %j2)
  %30 = call i8* (i8*, i64, i8*, i32, i32, ...) @_lcompilers_string_format_fortran(i8* null, i64 0, i8* getelementptr inbounds ([6 x i8], [6 x i8]* @serialization_info.2, i32 0, i32 0), i32 0, i32 0, i32* %i1, i32* %j2)
  %31 = call i64 @_lfortran_str_len(i8* %30)
  %32 = call i8* @_lfortran_malloc(i64 16)
  %stringFormat_desc13 = bitcast i8* %32 to %string_descriptor*
  %33 = getelementptr %string_descriptor, %string_descriptor* %stringFormat_desc13, i32 0, i32 0
  store i8* %30, i8** %33, align 8
  %34 = getelementptr %string_descriptor, %string_descriptor* %stringFormat_desc13, i32 0, i32 1
  store i64 %31, i64* %34, align 4
  %35 = getelementptr %string_descriptor, %string_descriptor* %stringFormat_desc13, i32 0, i32 0
  %36 = load i8*, i8** %35, align 8
  %37 = getelementptr %string_descriptor, %string_descriptor* %stringFormat_desc13, i32 0, i32 1
  %38 = load i64, i64* %37, align 4
  %39 = trunc i64 %38 to i32
  call void @_lfortran_printf(i8* getelementptr inbounds ([5 x i8], [5 x i8]* @17, i32 0, i32 0), i8* %36, i32 %39, i8* getelementptr inbounds ([2 x i8], [2 x i8]* @16, i32 0, i32 0), i32 1)
  %40 = load i32, i32* %i1, align 4
  %41 = icmp ne i32 %40, 1
  br i1 %41, label %then14, label %else15

then14:                                           ; preds = %ifcont12
  call void (i8*, ...) @_lcompilers_print_error(i8* getelementptr inbounds ([5 x i8], [5 x i8]* @20, i32 0, i32 0), i8* getelementptr inbounds ([11 x i8], [11 x i8]* @18, i32 0, i32 0), i8* getelementptr inbounds ([2 x i8], [2 x i8]* @19, i32 0, i32 0))
  call void @exit(i32 1)
  br label %ifcont16

else15:                                           ; preds = %ifcont12
  br label %ifcont16

ifcont16:                                         ; preds = %else15, %then14
  %42 = load i32, i32* %j2, align 4
  %43 = icmp ne i32 %42, 0
  br i1 %43, label %then17, label %else18

then17:                                           ; preds = %ifcont16
  call void (i8*, ...) @_lcompilers_print_error(i8* getelementptr inbounds ([5 x i8], [5 x i8]* @23, i32 0, i32 0), i8* getelementptr inbounds ([11 x i8], [11 x i8]* @21, i32 0, i32 0), i8* getelementptr inbounds ([2 x i8], [2 x i8]* @22, i32 0, i32 0))
  call void @exit(i32 1)
  br label %ifcont19

else18:                                           ; preds = %ifcont16
  br label %ifcont19

ifcont19:                                         ; preds = %else18, %then17
  call void @_lpython_free_argv()
  br label %return

return:                                           ; preds = %ifcont19
  ret i32 0
}

define void @f(i32* %a, i32* %b) {
.entry:
  %0 = load i32, i32* %a, align 4
  %1 = add i32 %0, 1
  store i32 %1, i32* %b, align 4
  br label %return

return:                                           ; preds = %.entry
  ret void
}

define void @g(i32* %a, i32* %b) {
.entry:
  %0 = load i32, i32* %a, align 4
  %1 = sub i32 %0, 1
  store i32 %1, i32* %b, align 4
  br label %return

return:                                           ; preds = %.entry
  ret void
}

define void @h(i32* %a, i32* %b) {
.entry:
  call void @g(i32* %a, i32* %b)
  br label %return

return:                                           ; preds = %.entry
  ret void
}

declare void @_lpython_call_initial_functions(i32, i8**)

declare i8* @_lcompilers_string_format_fortran(i8*, i64, i8*, i32, i32, ...)

declare i64 @_lfortran_str_len(i8*)

declare i8* @_lfortran_malloc(i64)

declare void @_lfortran_printf(i8*, i8*, i32, i8*, i32)

declare void @_lcompilers_print_error(i8*, ...)

declare void @exit(i32)

declare void @_lpython_free_argv()
