; ModuleID = 'LFortran'
source_filename = "LFortran"

@0 = private unnamed_addr constant [2 x i8] c"\0A\00", align 1
@1 = private unnamed_addr constant [5 x i8] c"%s%s\00", align 1
@2 = private unnamed_addr constant [2 x i8] c"\0A\00", align 1
@3 = private unnamed_addr constant [5 x i8] c"%s%s\00", align 1
@4 = private unnamed_addr constant [2 x i8] c"\0A\00", align 1
@5 = private unnamed_addr constant [5 x i8] c"%s%s\00", align 1
@6 = private unnamed_addr constant [2 x i8] c"\0A\00", align 1
@7 = private unnamed_addr constant [5 x i8] c"%s%s\00", align 1
@8 = private unnamed_addr constant [2 x i8] c"\0A\00", align 1
@9 = private unnamed_addr constant [5 x i8] c"%s%s\00", align 1

define i32 @main(i32 %0, i8** %1) {
.entry:
  %array_bound151 = alloca i32, align 4
  %array_bound142 = alloca i32, align 4
  %array_bound133 = alloca i32, align 4
  %array_bound124 = alloca i32, align 4
  %array_bound115 = alloca i32, align 4
  %array_bound106 = alloca i32, align 4
  %array_bound100 = alloca i32, align 4
  %array_bound95 = alloca i32, align 4
  %array_bound91 = alloca i32, align 4
  %array_bound84 = alloca i32, align 4
  %array_bound78 = alloca i32, align 4
  %array_bound73 = alloca i32, align 4
  %array_bound69 = alloca i32, align 4
  %array_bound62 = alloca i32, align 4
  %array_bound56 = alloca i32, align 4
  %array_bound51 = alloca i32, align 4
  %array_bound47 = alloca i32, align 4
  %array_bound40 = alloca i32, align 4
  %array_bound34 = alloca i32, align 4
  %array_bound29 = alloca i32, align 4
  %array_bound25 = alloca i32, align 4
  %array_bound = alloca i32, align 4
  %__1_k = alloca i32, align 4
  %__1_k1 = alloca i32, align 4
  %__1_k2 = alloca i32, align 4
  %__1_k3 = alloca i32, align 4
  %__1_t = alloca i32, align 4
  %__1_t1 = alloca i32, align 4
  %__1_t2 = alloca i32, align 4
  %__1_t3 = alloca i32, align 4
  %__1_t4 = alloca i32, align 4
  %__1_v = alloca i32, align 4
  %__1_v1 = alloca i32, align 4
  %__1_v2 = alloca i32, align 4
  %__1_v3 = alloca i32, align 4
  %__1_v4 = alloca i32, align 4
  %__2_t = alloca i32, align 4
  %__2_v = alloca i32, align 4
  %__3_t = alloca i32, align 4
  %__3_v = alloca i32, align 4
  %i = alloca i32, align 4
  %j = alloca i32, align 4
  %k = alloca i32, align 4
  call void @_lpython_call_initial_functions(i32 %0, i8** %1)
  %__1_k4 = alloca i32, align 4
  %__1_k15 = alloca i32, align 4
  %__1_k26 = alloca i32, align 4
  %__1_k37 = alloca i32, align 4
  %__1_t8 = alloca i32, align 4
  %__1_t19 = alloca i32, align 4
  %__1_t210 = alloca i32, align 4
  %__1_t311 = alloca i32, align 4
  %__1_t412 = alloca i32, align 4
  %__1_v13 = alloca i32, align 4
  %__1_v114 = alloca i32, align 4
  %__1_v215 = alloca i32, align 4
  %__1_v316 = alloca i32, align 4
  %__1_v417 = alloca i32, align 4
  %__2_t18 = alloca i32, align 4
  %__2_v19 = alloca i32, align 4
  %__3_t20 = alloca i32, align 4
  %__3_v21 = alloca i32, align 4
  %__libasr__created__var__0__array_constructor_ = alloca [6 x i32], align 4
  %__libasr__created__var__1__array_constructor_ = alloca [6 x i32], align 4
  %__libasr__created__var__2__array_constructor_ = alloca [6 x i32], align 4
  %__libasr__created__var__3__array_constructor_ = alloca [6 x i32], align 4
  %a = alloca [27 x i32], align 4
  %i22 = alloca i32, align 4
  %j23 = alloca i32, align 4
  %k24 = alloca i32, align 4
  %x = alloca [6 x i32], align 4
  store i32 4, i32* %j23, align 4
  br i1 true, label %then, label %else

then:                                             ; preds = %.entry
  store i32 1, i32* %array_bound, align 4
  br label %ifcont

else:                                             ; preds = %.entry
  br label %ifcont

ifcont:                                           ; preds = %else, %then
  %2 = load i32, i32* %array_bound, align 4
  store i32 %2, i32* %__1_k4, align 4
  store i32 0, i32* %i22, align 4
  br label %loop.head

loop.head:                                        ; preds = %loop.body, %ifcont
  %3 = load i32, i32* %i22, align 4
  %4 = add i32 %3, 1
  %5 = icmp sle i32 %4, 6
  br i1 %5, label %loop.body, label %loop.end

loop.body:                                        ; preds = %loop.head
  %6 = load i32, i32* %i22, align 4
  %7 = add i32 %6, 1
  store i32 %7, i32* %i22, align 4
  %8 = load i32, i32* %__1_k4, align 4
  %9 = sub i32 %8, 1
  %10 = mul i32 1, %9
  %11 = add i32 0, %10
  %12 = getelementptr [6 x i32], [6 x i32]* %__libasr__created__var__0__array_constructor_, i32 0, i32 %11
  %13 = load i32, i32* %i22, align 4
  %14 = mul i32 %13, 2
  store i32 %14, i32* %12, align 4
  %15 = load i32, i32* %__1_k4, align 4
  %16 = add i32 %15, 1
  store i32 %16, i32* %__1_k4, align 4
  br label %loop.head

loop.end:                                         ; preds = %loop.head
  br i1 true, label %then26, label %else27

then26:                                           ; preds = %loop.end
  store i32 1, i32* %array_bound25, align 4
  br label %ifcont28

else27:                                           ; preds = %loop.end
  br label %ifcont28

ifcont28:                                         ; preds = %else27, %then26
  %17 = load i32, i32* %array_bound25, align 4
  store i32 %17, i32* %__1_v13, align 4
  br i1 true, label %then30, label %else31

then30:                                           ; preds = %ifcont28
  store i32 1, i32* %array_bound29, align 4
  br label %ifcont32

else31:                                           ; preds = %ifcont28
  br label %ifcont32

ifcont32:                                         ; preds = %else31, %then30
  %18 = load i32, i32* %array_bound29, align 4
  %19 = sub i32 %18, 1
  store i32 %19, i32* %__1_t8, align 4
  br label %loop.head33

loop.head33:                                      ; preds = %loop.body38, %ifcont32
  %20 = load i32, i32* %__1_t8, align 4
  %21 = add i32 %20, 1
  br i1 true, label %then35, label %else36

then35:                                           ; preds = %loop.head33
  store i32 6, i32* %array_bound34, align 4
  br label %ifcont37

else36:                                           ; preds = %loop.head33
  br label %ifcont37

ifcont37:                                         ; preds = %else36, %then35
  %22 = load i32, i32* %array_bound34, align 4
  %23 = icmp sle i32 %21, %22
  br i1 %23, label %loop.body38, label %loop.end39

loop.body38:                                      ; preds = %ifcont37
  %24 = load i32, i32* %__1_t8, align 4
  %25 = add i32 %24, 1
  store i32 %25, i32* %__1_t8, align 4
  %26 = load i32, i32* %__1_t8, align 4
  %27 = sub i32 %26, 1
  %28 = mul i32 1, %27
  %29 = add i32 0, %28
  %30 = getelementptr [6 x i32], [6 x i32]* %x, i32 0, i32 %29
  %31 = load i32, i32* %__1_v13, align 4
  %32 = sub i32 %31, 1
  %33 = mul i32 1, %32
  %34 = add i32 0, %33
  %35 = getelementptr [6 x i32], [6 x i32]* %__libasr__created__var__0__array_constructor_, i32 0, i32 %34
  %36 = load i32, i32* %35, align 4
  store i32 %36, i32* %30, align 4
  %37 = load i32, i32* %__1_v13, align 4
  %38 = add i32 %37, 1
  store i32 %38, i32* %__1_v13, align 4
  br label %loop.head33

loop.end39:                                       ; preds = %ifcont37
  %39 = getelementptr [6 x i32], [6 x i32]* %x, i32 0, i32 0
  %40 = call i8* (i32, i8*, ...) @_lcompilers_string_format_fortran(i32 3, i8* null, i32 10, i32 6, i32* %39)
  call void (i8*, ...) @_lfortran_printf(i8* getelementptr inbounds ([5 x i8], [5 x i8]* @1, i32 0, i32 0), i8* %40, i8* getelementptr inbounds ([2 x i8], [2 x i8]* @0, i32 0, i32 0))
  br i1 true, label %then41, label %else42

then41:                                           ; preds = %loop.end39
  store i32 1, i32* %array_bound40, align 4
  br label %ifcont43

else42:                                           ; preds = %loop.end39
  br label %ifcont43

ifcont43:                                         ; preds = %else42, %then41
  %41 = load i32, i32* %array_bound40, align 4
  store i32 %41, i32* %__1_k15, align 4
  store i32 0, i32* %i22, align 4
  br label %loop.head44

loop.head44:                                      ; preds = %loop.body45, %ifcont43
  %42 = load i32, i32* %i22, align 4
  %43 = add i32 %42, 1
  %44 = icmp sle i32 %43, 3
  br i1 %44, label %loop.body45, label %loop.end46

loop.body45:                                      ; preds = %loop.head44
  %45 = load i32, i32* %i22, align 4
  %46 = add i32 %45, 1
  store i32 %46, i32* %i22, align 4
  %47 = load i32, i32* %__1_k15, align 4
  %48 = sub i32 %47, 1
  %49 = mul i32 1, %48
  %50 = add i32 0, %49
  %51 = getelementptr [6 x i32], [6 x i32]* %__libasr__created__var__1__array_constructor_, i32 0, i32 %50
  %52 = load i32, i32* %i22, align 4
  %53 = add i32 %52, 1
  store i32 %53, i32* %51, align 4
  %54 = load i32, i32* %__1_k15, align 4
  %55 = add i32 %54, 1
  store i32 %55, i32* %__1_k15, align 4
  %56 = load i32, i32* %__1_k15, align 4
  %57 = sub i32 %56, 1
  %58 = mul i32 1, %57
  %59 = add i32 0, %58
  %60 = getelementptr [6 x i32], [6 x i32]* %__libasr__created__var__1__array_constructor_, i32 0, i32 %59
  %61 = load i32, i32* %i22, align 4
  %62 = mul i32 %61, 2
  store i32 %62, i32* %60, align 4
  %63 = load i32, i32* %__1_k15, align 4
  %64 = add i32 %63, 1
  store i32 %64, i32* %__1_k15, align 4
  br label %loop.head44

loop.end46:                                       ; preds = %loop.head44
  br i1 true, label %then48, label %else49

then48:                                           ; preds = %loop.end46
  store i32 1, i32* %array_bound47, align 4
  br label %ifcont50

else49:                                           ; preds = %loop.end46
  br label %ifcont50

ifcont50:                                         ; preds = %else49, %then48
  %65 = load i32, i32* %array_bound47, align 4
  store i32 %65, i32* %__1_v114, align 4
  br i1 true, label %then52, label %else53

then52:                                           ; preds = %ifcont50
  store i32 1, i32* %array_bound51, align 4
  br label %ifcont54

else53:                                           ; preds = %ifcont50
  br label %ifcont54

ifcont54:                                         ; preds = %else53, %then52
  %66 = load i32, i32* %array_bound51, align 4
  %67 = sub i32 %66, 1
  store i32 %67, i32* %__1_t19, align 4
  br label %loop.head55

loop.head55:                                      ; preds = %loop.body60, %ifcont54
  %68 = load i32, i32* %__1_t19, align 4
  %69 = add i32 %68, 1
  br i1 true, label %then57, label %else58

then57:                                           ; preds = %loop.head55
  store i32 6, i32* %array_bound56, align 4
  br label %ifcont59

else58:                                           ; preds = %loop.head55
  br label %ifcont59

ifcont59:                                         ; preds = %else58, %then57
  %70 = load i32, i32* %array_bound56, align 4
  %71 = icmp sle i32 %69, %70
  br i1 %71, label %loop.body60, label %loop.end61

loop.body60:                                      ; preds = %ifcont59
  %72 = load i32, i32* %__1_t19, align 4
  %73 = add i32 %72, 1
  store i32 %73, i32* %__1_t19, align 4
  %74 = load i32, i32* %__1_t19, align 4
  %75 = sub i32 %74, 1
  %76 = mul i32 1, %75
  %77 = add i32 0, %76
  %78 = getelementptr [6 x i32], [6 x i32]* %x, i32 0, i32 %77
  %79 = load i32, i32* %__1_v114, align 4
  %80 = sub i32 %79, 1
  %81 = mul i32 1, %80
  %82 = add i32 0, %81
  %83 = getelementptr [6 x i32], [6 x i32]* %__libasr__created__var__1__array_constructor_, i32 0, i32 %82
  %84 = load i32, i32* %83, align 4
  store i32 %84, i32* %78, align 4
  %85 = load i32, i32* %__1_v114, align 4
  %86 = add i32 %85, 1
  store i32 %86, i32* %__1_v114, align 4
  br label %loop.head55

loop.end61:                                       ; preds = %ifcont59
  %87 = getelementptr [6 x i32], [6 x i32]* %x, i32 0, i32 0
  %88 = call i8* (i32, i8*, ...) @_lcompilers_string_format_fortran(i32 3, i8* null, i32 10, i32 6, i32* %87)
  call void (i8*, ...) @_lfortran_printf(i8* getelementptr inbounds ([5 x i8], [5 x i8]* @3, i32 0, i32 0), i8* %88, i8* getelementptr inbounds ([2 x i8], [2 x i8]* @2, i32 0, i32 0))
  br i1 true, label %then63, label %else64

then63:                                           ; preds = %loop.end61
  store i32 1, i32* %array_bound62, align 4
  br label %ifcont65

else64:                                           ; preds = %loop.end61
  br label %ifcont65

ifcont65:                                         ; preds = %else64, %then63
  %89 = load i32, i32* %array_bound62, align 4
  store i32 %89, i32* %__1_k26, align 4
  store i32 0, i32* %i22, align 4
  br label %loop.head66

loop.head66:                                      ; preds = %loop.body67, %ifcont65
  %90 = load i32, i32* %i22, align 4
  %91 = add i32 %90, 1
  %92 = icmp sle i32 %91, 2
  br i1 %92, label %loop.body67, label %loop.end68

loop.body67:                                      ; preds = %loop.head66
  %93 = load i32, i32* %i22, align 4
  %94 = add i32 %93, 1
  store i32 %94, i32* %i22, align 4
  %95 = load i32, i32* %__1_k26, align 4
  %96 = sub i32 %95, 1
  %97 = mul i32 1, %96
  %98 = add i32 0, %97
  %99 = getelementptr [6 x i32], [6 x i32]* %__libasr__created__var__2__array_constructor_, i32 0, i32 %98
  %100 = load i32, i32* %i22, align 4
  %101 = add i32 %100, 1
  store i32 %101, i32* %99, align 4
  %102 = load i32, i32* %__1_k26, align 4
  %103 = add i32 %102, 1
  store i32 %103, i32* %__1_k26, align 4
  %104 = load i32, i32* %__1_k26, align 4
  %105 = sub i32 %104, 1
  %106 = mul i32 1, %105
  %107 = add i32 0, %106
  %108 = getelementptr [6 x i32], [6 x i32]* %__libasr__created__var__2__array_constructor_, i32 0, i32 %107
  %109 = load i32, i32* %i22, align 4
  %110 = sitofp i32 %109 to float
  %111 = call float @llvm.pow.f32(float %110, float 2.000000e+00)
  %112 = fptosi float %111 to i32
  store i32 %112, i32* %108, align 4
  %113 = load i32, i32* %__1_k26, align 4
  %114 = add i32 %113, 1
  store i32 %114, i32* %__1_k26, align 4
  %115 = load i32, i32* %__1_k26, align 4
  %116 = sub i32 %115, 1
  %117 = mul i32 1, %116
  %118 = add i32 0, %117
  %119 = getelementptr [6 x i32], [6 x i32]* %__libasr__created__var__2__array_constructor_, i32 0, i32 %118
  %120 = load i32, i32* %i22, align 4
  %121 = mul i32 %120, 2
  store i32 %121, i32* %119, align 4
  %122 = load i32, i32* %__1_k26, align 4
  %123 = add i32 %122, 1
  store i32 %123, i32* %__1_k26, align 4
  br label %loop.head66

loop.end68:                                       ; preds = %loop.head66
  br i1 true, label %then70, label %else71

then70:                                           ; preds = %loop.end68
  store i32 1, i32* %array_bound69, align 4
  br label %ifcont72

else71:                                           ; preds = %loop.end68
  br label %ifcont72

ifcont72:                                         ; preds = %else71, %then70
  %124 = load i32, i32* %array_bound69, align 4
  store i32 %124, i32* %__1_v215, align 4
  br i1 true, label %then74, label %else75

then74:                                           ; preds = %ifcont72
  store i32 1, i32* %array_bound73, align 4
  br label %ifcont76

else75:                                           ; preds = %ifcont72
  br label %ifcont76

ifcont76:                                         ; preds = %else75, %then74
  %125 = load i32, i32* %array_bound73, align 4
  %126 = sub i32 %125, 1
  store i32 %126, i32* %__1_t210, align 4
  br label %loop.head77

loop.head77:                                      ; preds = %loop.body82, %ifcont76
  %127 = load i32, i32* %__1_t210, align 4
  %128 = add i32 %127, 1
  br i1 true, label %then79, label %else80

then79:                                           ; preds = %loop.head77
  store i32 6, i32* %array_bound78, align 4
  br label %ifcont81

else80:                                           ; preds = %loop.head77
  br label %ifcont81

ifcont81:                                         ; preds = %else80, %then79
  %129 = load i32, i32* %array_bound78, align 4
  %130 = icmp sle i32 %128, %129
  br i1 %130, label %loop.body82, label %loop.end83

loop.body82:                                      ; preds = %ifcont81
  %131 = load i32, i32* %__1_t210, align 4
  %132 = add i32 %131, 1
  store i32 %132, i32* %__1_t210, align 4
  %133 = load i32, i32* %__1_t210, align 4
  %134 = sub i32 %133, 1
  %135 = mul i32 1, %134
  %136 = add i32 0, %135
  %137 = getelementptr [6 x i32], [6 x i32]* %x, i32 0, i32 %136
  %138 = load i32, i32* %__1_v215, align 4
  %139 = sub i32 %138, 1
  %140 = mul i32 1, %139
  %141 = add i32 0, %140
  %142 = getelementptr [6 x i32], [6 x i32]* %__libasr__created__var__2__array_constructor_, i32 0, i32 %141
  %143 = load i32, i32* %142, align 4
  store i32 %143, i32* %137, align 4
  %144 = load i32, i32* %__1_v215, align 4
  %145 = add i32 %144, 1
  store i32 %145, i32* %__1_v215, align 4
  br label %loop.head77

loop.end83:                                       ; preds = %ifcont81
  %146 = getelementptr [6 x i32], [6 x i32]* %x, i32 0, i32 0
  %147 = call i8* (i32, i8*, ...) @_lcompilers_string_format_fortran(i32 3, i8* null, i32 10, i32 6, i32* %146)
  call void (i8*, ...) @_lfortran_printf(i8* getelementptr inbounds ([5 x i8], [5 x i8]* @5, i32 0, i32 0), i8* %147, i8* getelementptr inbounds ([2 x i8], [2 x i8]* @4, i32 0, i32 0))
  br i1 true, label %then85, label %else86

then85:                                           ; preds = %loop.end83
  store i32 1, i32* %array_bound84, align 4
  br label %ifcont87

else86:                                           ; preds = %loop.end83
  br label %ifcont87

ifcont87:                                         ; preds = %else86, %then85
  %148 = load i32, i32* %array_bound84, align 4
  store i32 %148, i32* %__1_k37, align 4
  store i32 1, i32* %i22, align 4
  br label %loop.head88

loop.head88:                                      ; preds = %loop.body89, %ifcont87
  %149 = load i32, i32* %i22, align 4
  %150 = add i32 %149, 1
  %151 = icmp sle i32 %150, 2
  br i1 %151, label %loop.body89, label %loop.end90

loop.body89:                                      ; preds = %loop.head88
  %152 = load i32, i32* %i22, align 4
  %153 = add i32 %152, 1
  store i32 %153, i32* %i22, align 4
  %154 = load i32, i32* %__1_k37, align 4
  %155 = sub i32 %154, 1
  %156 = mul i32 1, %155
  %157 = add i32 0, %156
  %158 = getelementptr [6 x i32], [6 x i32]* %__libasr__created__var__3__array_constructor_, i32 0, i32 %157
  %159 = load i32, i32* %i22, align 4
  %160 = mul i32 2, %159
  store i32 %160, i32* %158, align 4
  %161 = load i32, i32* %__1_k37, align 4
  %162 = add i32 %161, 1
  store i32 %162, i32* %__1_k37, align 4
  %163 = load i32, i32* %__1_k37, align 4
  %164 = sub i32 %163, 1
  %165 = mul i32 1, %164
  %166 = add i32 0, %165
  %167 = getelementptr [6 x i32], [6 x i32]* %__libasr__created__var__3__array_constructor_, i32 0, i32 %166
  %168 = load i32, i32* %i22, align 4
  %169 = mul i32 3, %168
  store i32 %169, i32* %167, align 4
  %170 = load i32, i32* %__1_k37, align 4
  %171 = add i32 %170, 1
  store i32 %171, i32* %__1_k37, align 4
  %172 = load i32, i32* %__1_k37, align 4
  %173 = sub i32 %172, 1
  %174 = mul i32 1, %173
  %175 = add i32 0, %174
  %176 = getelementptr [6 x i32], [6 x i32]* %__libasr__created__var__3__array_constructor_, i32 0, i32 %175
  %177 = load i32, i32* %i22, align 4
  %178 = mul i32 4, %177
  store i32 %178, i32* %176, align 4
  %179 = load i32, i32* %__1_k37, align 4
  %180 = add i32 %179, 1
  store i32 %180, i32* %__1_k37, align 4
  %181 = load i32, i32* %__1_k37, align 4
  %182 = sub i32 %181, 1
  %183 = mul i32 1, %182
  %184 = add i32 0, %183
  %185 = getelementptr [6 x i32], [6 x i32]* %__libasr__created__var__3__array_constructor_, i32 0, i32 %184
  %186 = load i32, i32* %i22, align 4
  %187 = add i32 %186, 1
  store i32 %187, i32* %185, align 4
  %188 = load i32, i32* %__1_k37, align 4
  %189 = add i32 %188, 1
  store i32 %189, i32* %__1_k37, align 4
  %190 = load i32, i32* %__1_k37, align 4
  %191 = sub i32 %190, 1
  %192 = mul i32 1, %191
  %193 = add i32 0, %192
  %194 = getelementptr [6 x i32], [6 x i32]* %__libasr__created__var__3__array_constructor_, i32 0, i32 %193
  %195 = load i32, i32* %i22, align 4
  %196 = sitofp i32 %195 to float
  %197 = call float @llvm.pow.f32(float %196, float 2.000000e+00)
  %198 = fptosi float %197 to i32
  store i32 %198, i32* %194, align 4
  %199 = load i32, i32* %__1_k37, align 4
  %200 = add i32 %199, 1
  store i32 %200, i32* %__1_k37, align 4
  %201 = load i32, i32* %__1_k37, align 4
  %202 = sub i32 %201, 1
  %203 = mul i32 1, %202
  %204 = add i32 0, %203
  %205 = getelementptr [6 x i32], [6 x i32]* %__libasr__created__var__3__array_constructor_, i32 0, i32 %204
  %206 = load i32, i32* %i22, align 4
  %207 = mul i32 %206, 2
  store i32 %207, i32* %205, align 4
  %208 = load i32, i32* %__1_k37, align 4
  %209 = add i32 %208, 1
  store i32 %209, i32* %__1_k37, align 4
  br label %loop.head88

loop.end90:                                       ; preds = %loop.head88
  br i1 true, label %then92, label %else93

then92:                                           ; preds = %loop.end90
  store i32 1, i32* %array_bound91, align 4
  br label %ifcont94

else93:                                           ; preds = %loop.end90
  br label %ifcont94

ifcont94:                                         ; preds = %else93, %then92
  %210 = load i32, i32* %array_bound91, align 4
  store i32 %210, i32* %__1_v316, align 4
  br i1 true, label %then96, label %else97

then96:                                           ; preds = %ifcont94
  store i32 1, i32* %array_bound95, align 4
  br label %ifcont98

else97:                                           ; preds = %ifcont94
  br label %ifcont98

ifcont98:                                         ; preds = %else97, %then96
  %211 = load i32, i32* %array_bound95, align 4
  %212 = sub i32 %211, 1
  store i32 %212, i32* %__1_t311, align 4
  br label %loop.head99

loop.head99:                                      ; preds = %loop.body104, %ifcont98
  %213 = load i32, i32* %__1_t311, align 4
  %214 = add i32 %213, 1
  br i1 true, label %then101, label %else102

then101:                                          ; preds = %loop.head99
  store i32 6, i32* %array_bound100, align 4
  br label %ifcont103

else102:                                          ; preds = %loop.head99
  br label %ifcont103

ifcont103:                                        ; preds = %else102, %then101
  %215 = load i32, i32* %array_bound100, align 4
  %216 = icmp sle i32 %214, %215
  br i1 %216, label %loop.body104, label %loop.end105

loop.body104:                                     ; preds = %ifcont103
  %217 = load i32, i32* %__1_t311, align 4
  %218 = add i32 %217, 1
  store i32 %218, i32* %__1_t311, align 4
  %219 = load i32, i32* %__1_t311, align 4
  %220 = sub i32 %219, 1
  %221 = mul i32 1, %220
  %222 = add i32 0, %221
  %223 = getelementptr [6 x i32], [6 x i32]* %x, i32 0, i32 %222
  %224 = load i32, i32* %__1_v316, align 4
  %225 = sub i32 %224, 1
  %226 = mul i32 1, %225
  %227 = add i32 0, %226
  %228 = getelementptr [6 x i32], [6 x i32]* %__libasr__created__var__3__array_constructor_, i32 0, i32 %227
  %229 = load i32, i32* %228, align 4
  store i32 %229, i32* %223, align 4
  %230 = load i32, i32* %__1_v316, align 4
  %231 = add i32 %230, 1
  store i32 %231, i32* %__1_v316, align 4
  br label %loop.head99

loop.end105:                                      ; preds = %ifcont103
  %232 = getelementptr [6 x i32], [6 x i32]* %x, i32 0, i32 0
  %233 = call i8* (i32, i8*, ...) @_lcompilers_string_format_fortran(i32 3, i8* null, i32 10, i32 6, i32* %232)
  call void (i8*, ...) @_lfortran_printf(i8* getelementptr inbounds ([5 x i8], [5 x i8]* @7, i32 0, i32 0), i8* %233, i8* getelementptr inbounds ([2 x i8], [2 x i8]* @6, i32 0, i32 0))
  br i1 true, label %then107, label %else108

then107:                                          ; preds = %loop.end105
  store i32 1, i32* %array_bound106, align 4
  br label %ifcont113

else108:                                          ; preds = %loop.end105
  br i1 false, label %then109, label %else110

then109:                                          ; preds = %else108
  store i32 1, i32* %array_bound106, align 4
  br label %ifcont113

else110:                                          ; preds = %else108
  br i1 false, label %then111, label %else112

then111:                                          ; preds = %else110
  store i32 1, i32* %array_bound106, align 4
  br label %ifcont113

else112:                                          ; preds = %else110
  br label %ifcont113

ifcont113:                                        ; preds = %else112, %then111, %then109, %then107
  %234 = load i32, i32* %array_bound106, align 4
  %235 = sub i32 %234, 1
  store i32 %235, i32* %__1_t412, align 4
  br label %loop.head114

loop.head114:                                     ; preds = %loop.end161, %ifcont113
  %236 = load i32, i32* %__1_t412, align 4
  %237 = add i32 %236, 1
  br i1 true, label %then116, label %else117

then116:                                          ; preds = %loop.head114
  store i32 3, i32* %array_bound115, align 4
  br label %ifcont122

else117:                                          ; preds = %loop.head114
  br i1 false, label %then118, label %else119

then118:                                          ; preds = %else117
  store i32 3, i32* %array_bound115, align 4
  br label %ifcont122

else119:                                          ; preds = %else117
  br i1 false, label %then120, label %else121

then120:                                          ; preds = %else119
  store i32 3, i32* %array_bound115, align 4
  br label %ifcont122

else121:                                          ; preds = %else119
  br label %ifcont122

ifcont122:                                        ; preds = %else121, %then120, %then118, %then116
  %238 = load i32, i32* %array_bound115, align 4
  %239 = icmp sle i32 %237, %238
  br i1 %239, label %loop.body123, label %loop.end162

loop.body123:                                     ; preds = %ifcont122
  %240 = load i32, i32* %__1_t412, align 4
  %241 = add i32 %240, 1
  store i32 %241, i32* %__1_t412, align 4
  br i1 false, label %then125, label %else126

then125:                                          ; preds = %loop.body123
  store i32 1, i32* %array_bound124, align 4
  br label %ifcont131

else126:                                          ; preds = %loop.body123
  br i1 true, label %then127, label %else128

then127:                                          ; preds = %else126
  store i32 1, i32* %array_bound124, align 4
  br label %ifcont131

else128:                                          ; preds = %else126
  br i1 false, label %then129, label %else130

then129:                                          ; preds = %else128
  store i32 1, i32* %array_bound124, align 4
  br label %ifcont131

else130:                                          ; preds = %else128
  br label %ifcont131

ifcont131:                                        ; preds = %else130, %then129, %then127, %then125
  %242 = load i32, i32* %array_bound124, align 4
  %243 = sub i32 %242, 1
  store i32 %243, i32* %__2_t18, align 4
  br label %loop.head132

loop.head132:                                     ; preds = %loop.end160, %ifcont131
  %244 = load i32, i32* %__2_t18, align 4
  %245 = add i32 %244, 1
  br i1 false, label %then134, label %else135

then134:                                          ; preds = %loop.head132
  store i32 3, i32* %array_bound133, align 4
  br label %ifcont140

else135:                                          ; preds = %loop.head132
  br i1 true, label %then136, label %else137

then136:                                          ; preds = %else135
  store i32 3, i32* %array_bound133, align 4
  br label %ifcont140

else137:                                          ; preds = %else135
  br i1 false, label %then138, label %else139

then138:                                          ; preds = %else137
  store i32 3, i32* %array_bound133, align 4
  br label %ifcont140

else139:                                          ; preds = %else137
  br label %ifcont140

ifcont140:                                        ; preds = %else139, %then138, %then136, %then134
  %246 = load i32, i32* %array_bound133, align 4
  %247 = icmp sle i32 %245, %246
  br i1 %247, label %loop.body141, label %loop.end161

loop.body141:                                     ; preds = %ifcont140
  %248 = load i32, i32* %__2_t18, align 4
  %249 = add i32 %248, 1
  store i32 %249, i32* %__2_t18, align 4
  br i1 false, label %then143, label %else144

then143:                                          ; preds = %loop.body141
  store i32 1, i32* %array_bound142, align 4
  br label %ifcont149

else144:                                          ; preds = %loop.body141
  br i1 false, label %then145, label %else146

then145:                                          ; preds = %else144
  store i32 1, i32* %array_bound142, align 4
  br label %ifcont149

else146:                                          ; preds = %else144
  br i1 true, label %then147, label %else148

then147:                                          ; preds = %else146
  store i32 1, i32* %array_bound142, align 4
  br label %ifcont149

else148:                                          ; preds = %else146
  br label %ifcont149

ifcont149:                                        ; preds = %else148, %then147, %then145, %then143
  %250 = load i32, i32* %array_bound142, align 4
  %251 = sub i32 %250, 1
  store i32 %251, i32* %__3_t20, align 4
  br label %loop.head150

loop.head150:                                     ; preds = %loop.body159, %ifcont149
  %252 = load i32, i32* %__3_t20, align 4
  %253 = add i32 %252, 1
  br i1 false, label %then152, label %else153

then152:                                          ; preds = %loop.head150
  store i32 3, i32* %array_bound151, align 4
  br label %ifcont158

else153:                                          ; preds = %loop.head150
  br i1 false, label %then154, label %else155

then154:                                          ; preds = %else153
  store i32 3, i32* %array_bound151, align 4
  br label %ifcont158

else155:                                          ; preds = %else153
  br i1 true, label %then156, label %else157

then156:                                          ; preds = %else155
  store i32 3, i32* %array_bound151, align 4
  br label %ifcont158

else157:                                          ; preds = %else155
  br label %ifcont158

ifcont158:                                        ; preds = %else157, %then156, %then154, %then152
  %254 = load i32, i32* %array_bound151, align 4
  %255 = icmp sle i32 %253, %254
  br i1 %255, label %loop.body159, label %loop.end160

loop.body159:                                     ; preds = %ifcont158
  %256 = load i32, i32* %__3_t20, align 4
  %257 = add i32 %256, 1
  store i32 %257, i32* %__3_t20, align 4
  %258 = load i32, i32* %__1_t412, align 4
  %259 = load i32, i32* %__2_t18, align 4
  %260 = load i32, i32* %__3_t20, align 4
  %261 = sub i32 %258, 1
  %262 = mul i32 1, %261
  %263 = add i32 0, %262
  %264 = sub i32 %259, 1
  %265 = mul i32 3, %264
  %266 = add i32 %263, %265
  %267 = sub i32 %260, 1
  %268 = mul i32 9, %267
  %269 = add i32 %266, %268
  %270 = getelementptr [27 x i32], [27 x i32]* %a, i32 0, i32 %269
  store i32 7, i32* %270, align 4
  br label %loop.head150

loop.end160:                                      ; preds = %ifcont158
  br label %loop.head132

loop.end161:                                      ; preds = %ifcont140
  br label %loop.head114

loop.end162:                                      ; preds = %ifcont122
  %271 = getelementptr [27 x i32], [27 x i32]* %a, i32 0, i32 0
  %272 = call i8* (i32, i8*, ...) @_lcompilers_string_format_fortran(i32 3, i8* null, i32 10, i32 27, i32* %271)
  call void (i8*, ...) @_lfortran_printf(i8* getelementptr inbounds ([5 x i8], [5 x i8]* @9, i32 0, i32 0), i8* %272, i8* getelementptr inbounds ([2 x i8], [2 x i8]* @8, i32 0, i32 0))
  call void @_lpython_free_argv()
  br label %return

return:                                           ; preds = %loop.end162
  ret i32 0
}

declare void @_lpython_call_initial_functions(i32, i8**)

declare i8* @_lcompilers_string_format_fortran(i32, i8*, ...)

declare void @_lfortran_printf(i8*, ...)

; Function Attrs: nounwind readnone speculatable willreturn
declare float @llvm.pow.f32(float, float) #0

declare void @_lpython_free_argv()

attributes #0 = { nounwind readnone speculatable willreturn }
