hi @bye
first     , % @last      6 @C @Hello E @world!
